// Jest Snapshot v1, https://goo.gl/fbAQLP

exports[`CriteriaGroup renders 1`] = `
<DocumentFragment>
  <div
    class="criteria-group-item color--user"
  />
</DocumentFragment>
`;
